L251 LINKER/LOCATER V4.66.93.0                                                          05/18/2023  11:49:16  PAGE 1


L251 LINKER/LOCATER V4.66.93.0, INVOKED BY:
E:\KEIL_V5\C251\BIN\L251.EXE .\Objects\delay.obj, .\Objects\hw.obj, .\Objects\LED.obj, .\Objects\main.obj, .\Objects\mot
>> or.obj, .\Objects\sr04.obj, .\Objects\timer.obj, .\Objects\uart1.obj TO .\Objects\car PRINT (.\Listings\car.map) CASE
>>  CLASSES (EDATA (0X0-0XFFF), HDATA (0X0-0XFFF))


CPU MODE:     251 SOURCE MODE
INTR FRAME:   2 BYTES SAVED ON INTERRUPT
MEMORY MODEL: TINY WITH FLOATING POINT ARITHMETIC


INPUT MODULES INCLUDED:
  .\Objects\delay.obj (delay)
         COMMENT TYPE 0: C251 V5.60.0
  .\Objects\hw.obj (hw)
         COMMENT TYPE 0: C251 V5.60.0
  .\Objects\LED.obj (LED)
         COMMENT TYPE 0: C251 V5.60.0
  .\Objects\main.obj (main)
         COMMENT TYPE 0: C251 V5.60.0
  .\Objects\motor.obj (motor)
         COMMENT TYPE 0: C251 V5.60.0
  .\Objects\sr04.obj (sr04)
         COMMENT TYPE 0: C251 V5.60.0
  .\Objects\timer.obj (timer)
         COMMENT TYPE 0: C251 V5.60.0
  .\Objects\uart1.obj (uart1)
         COMMENT TYPE 0: C251 V5.60.0
  E:\KEIL_V5\C251\LIB\C2SFPT.LIB (?C?FPMUL)
         COMMENT TYPE 0: A251 V4.69.6.0
  E:\KEIL_V5\C251\LIB\C2SFPT.LIB (?C?FPDIV)
         COMMENT TYPE 0: A251 V4.69.6.0
  E:\KEIL_V5\C251\LIB\C2SFPT.LIB (?C?FCAST)
         COMMENT TYPE 0: A251 V4.69.6.0
  E:\KEIL_V5\C251\LIB\C2SFPT.LIB (?C?CASTF)
         COMMENT TYPE 0: A251 V4.69.6.0
  E:\KEIL_V5\C251\LIB\C2SFPT.LIB (?C?FPGETOPN)
         COMMENT TYPE 0: A251 V4.69.6.0
  E:\KEIL_V5\C251\LIB\C2ST.LIB (?C_START)
         COMMENT TYPE 0: A251 V4.69.6.0


ACTIVE MEMORY CLASSES OF MODULE:  .\Objects\car (delay)

BASE        START       END         USED      MEMORY CLASS
==========================================================
000000H     000000H     000FFFH     000100H   EDATA
000000H     000000H     000FFFH               HDATA
FF0000H     FF0000H     FFFFFFH     000602H   CODE
000000H     000000H     00007FH     00001AH   DATA
000020H.0   000020H.0   00002FH.7   000000H.2 BIT
000000H     008000H     00FFFFH     00000CH   NCONST


MEMORY MAP OF MODULE:  .\Objects\car (delay)


START     STOP      LENGTH    ALIGN  RELOC    MEMORY CLASS   SEGMENT NAME
=========================================================================
000000H   000007H   000008H   ---    AT..     DATA           "REG BANK 0"
000008H   00000FH   000008H   ---    AT..     DATA           "REG BANK 1"
000010H   000013H   000004H   BYTE   UNIT     DATA           ?DT?SR04
000014H   000017H   000004H   BYTE   UNIT     DATA           ?DT?TIMER
000018H   000018H   000001H   BYTE   UNIT     DATA           ?DT?HW
000019H   000019H   000001H   BYTE   UNIT     DATA           ?DT?UART1
00001AH.0 00001FH.7 000006H.0 ---    ---      **GAP**
L251 LINKER/LOCATER V4.66.93.0                                                        05/18/2023  11:49:16  PAGE 2


000020H.0 000020H.0 000000H.1 BIT    UNIT     BIT            ?BI?SR04
000020H.1 000020H.1 000000H.1 BIT    UNIT     BIT            ?BI?UART1
000020H.2 000020H   000000H.6 ---    ---      **GAP**
000021H   000120H   000100H   BYTE   UNIT     EDATA          ?STACK
000121H   007FFFH   007EDFH   ---    ---      **GAP**
008000H   00800BH   00000CH   BYTE   UNIT     NCONST         ?NC?UART1
00800CH   FEFFFFH   FE7FF4H   ---    ---      **GAP**
FF0000H   FF0002H   000003H   ---    OFFS..   CODE           ?CO?start251?4
FF0003H   FF0007H   000005H   BYTE   INSEG    CODE           ?PR?LED_OFF?LED
FF0008H   FF0008H   000001H   BYTE   INSEG    CODE           ?PR?TIMER0_INT?TIMER
FF0009H   FF000AH   000002H   ---    ---      **GAP**
FF000BH   FF000DH   000003H   ---    OFFS..   CODE           ?PR?IV?1
FF000EH   FF0022H   000015H   BYTE   INSEG    CODE           ?PR?TIMER0INIT?TIMER
FF0023H   FF0025H   000003H   ---    OFFS..   CODE           ?PR?IV?4
FF0026H   FF008CH   000067H   BYTE   INSEG    CODE           ?PR?XUNJI?MAIN
FF008DH   FF00A0H   000014H   BYTE   INSEG    CODE           ?PR?CAR_TURN_RIGHT?MOTOR
FF00A1H   FF00A2H   000002H   ---    ---      **GAP**
FF00A3H   FF00A5H   000003H   ---    OFFS..   CODE           ?PR?IV?20
FF00A6H   FF0291H   0001ECH   BYTE   UNIT     CODE           ?C?LIB_CODE
FF0292H   FF02F8H   000067H   BYTE   INSEG    CODE           ?PR?UART_SEND_ADC_DATA?UART1
FF02F9H   FF0354H   00005CH   BYTE   INSEG    CODE           ?PR?TIMER4_INT?TIMER
FF0355H   FF03A1H   00004DH   BYTE   INSEG    CODE           ?PR?MAIN?MAIN
FF03A2H   FF03E9H   000048H   BYTE   INSEG    CODE           ?PR?CALCULATION_DATA?SR04
FF03EAH   FF0424H   00003BH   BYTE   INSEG    CODE           ?PR?UART1?UART1
FF0425H   FF045EH   00003AH   BYTE   INSEG    CODE           ?PR?ADJUST_PWM_DATA?HW
FF045FH   FF0471H   000013H   BYTE   UNIT     CODE           ?C_C51STARTUP
FF0472H   FF0491H   000020H   BYTE   UNIT     CODE           ?C_C51STARTUP?1
FF0492H   FF0494H   000003H   BYTE   UNIT     CODE           ?C_C51STARTUP?3
FF0495H   FF04C1H   00002DH   BYTE   INSEG    CODE           ?PR?UART1_INIT?UART1
FF04C2H   FF04E2H   000021H   BYTE   INSEG    CODE           ?PR?DELAY100MS?DELAY
FF04E3H   FF04FCH   00001AH   BYTE   INSEG    CODE           ?PR?STARTMODULE?SR04
FF04FDH   FF0516H   00001AH   BYTE   INSEG    CODE           ?PR?PROGRAM_AUTOMATIC_UPDATE?UART1
FF0517H   FF052DH   000017H   BYTE   INSEG    CODE           ?PR?DELAY_MS?DELAY
FF052EH   FF0544H   000017H   BYTE   INSEG    CODE           ?PR?HW_INIT_PORT?HW
FF0545H   FF0558H   000014H   BYTE   INSEG    CODE           ?PR?CAR_TURN_LEFT?MOTOR
FF0559H   FF056CH   000014H   BYTE   INSEG    CODE           ?PR?CAR_FORWORD?MOTOR
FF056DH   FF0580H   000014H   BYTE   INSEG    CODE           ?PR?CAR_BACK?MOTOR
FF0581H   FF0594H   000014H   BYTE   INSEG    CODE           ?PR?PRINTSTRING1?UART1
FF0595H   FF05A7H   000013H   BYTE   INSEG    CODE           ?PR?MOTOR_INIT_PORT?MOTOR
FF05A8H   FF05BAH   000013H   BYTE   INSEG    CODE           ?PR?TIMER4INIT?TIMER
FF05BBH   FF05CBH   000011H   BYTE   INSEG    CODE           ?PR?CAR_STOP?MOTOR
FF05CCH   FF05DBH   000010H   BYTE   INSEG    CODE           ?PR?COUNT_NUMBER_DATA?SR04
FF05DCH   FF05EAH   00000FH   BYTE   INSEG    CODE           ?PR?LED_INIT_PORT?LED
FF05EBH   FF05F7H   00000DH   BYTE   INSEG    CODE           ?PR?SR04_INIT_PORT?SR04
FF05F8H   FF0600H   000009H   BYTE   INSEG    CODE           ?PR?SENDDATABYUART1?UART1
FF0601H   FF0605H   000005H   BYTE   INSEG    CODE           ?PR?LED_ON?LED



OVERLAY MAP OF MODULE:   .\Objects\car (delay)


FUNCTION/MODULE                      BIT_GROUP   DATA_GROUP 
--> CALLED FUNCTION/MODULE          START  STOP  START  STOP
============================================================
?C_C51STARTUP?1                     ----- -----  ----- -----

*** NEW ROOT **********************

timer0_int/timer                    ----- -----  ----- -----

*** NEW ROOT **********************

timer4_int/timer                    ----- -----  ----- -----
  +--> Car_Stop/motor
L251 LINKER/LOCATER V4.66.93.0                                                        05/18/2023  11:49:16  PAGE 3


  +--> Adjust_Pwm_data/hw

Car_Stop/motor                      ----- -----  ----- -----

Adjust_Pwm_data/hw                  ----- -----  ----- -----
  +--> Car_Forword/motor
  +--> Car_Back/motor
  +--> Car_Turn_Left/motor
  +--> Car_Turn_Right/motor
  +--> Car_Stop/motor

Car_Forword/motor                   ----- -----  ----- -----

Car_Back/motor                      ----- -----  ----- -----

Car_Turn_Left/motor                 ----- -----  ----- -----

Car_Turn_Right/motor                ----- -----  ----- -----

*** NEW ROOT **********************

Uart1/uart1                         ----- -----  ----- -----
  +--> program_automatic_update/uart1

program_automatic_update/uart1      ----- -----  ----- -----

*** NEW ROOT **********************

?C_C51STARTUP                       ----- -----  ----- -----

*** NEW ROOT **********************

?C_C51STARTUP?3                     ----- -----  ----- -----
  +--> main/main

main/main                           ----- -----  ----- -----
  +--> Motor_Init_Port/motor
  +--> Timer4Init/timer
  +--> Uart1_Init/uart1
  +--> HW_Init_Port/hw
  +--> LED_Init_Port/LED
  +--> SR04_Init_Port/sr04
  +--> Count_Number_DATA/sr04
  +--> xunji/main

Motor_Init_Port/motor               ----- -----  ----- -----
  +--> delay_ms/delay

delay_ms/delay                      ----- -----  ----- -----

Timer4Init/timer                    ----- -----  ----- -----

Uart1_Init/uart1                    ----- -----  ----- -----
  +--> delay_ms/delay

HW_Init_Port/hw                     ----- -----  ----- -----

LED_Init_Port/LED                   ----- -----  ----- -----
  +--> LED_OFF/LED

LED_OFF/LED                         ----- -----  ----- -----

SR04_Init_Port/sr04                 ----- -----  ----- -----

Count_Number_DATA/sr04              ----- -----  ----- -----
L251 LINKER/LOCATER V4.66.93.0                                                        05/18/2023  11:49:16  PAGE 4


  +--> StartModule/sr04
  +--> Calculation_Data/sr04

StartModule/sr04                    ----- -----  ----- -----

Calculation_Data/sr04               ----- -----  ----- -----

xunji/main                          ----- -----  ----- -----



PUBLIC SYMBOLS OF MODULE:  .\Objects\car (delay)


      VALUE       CLASS    TYPE      PUBLIC SYMBOL NAME
      =================================================
      00FF0204H   CODE     NEAR LAB  ?C?CASTF
      000000FFH   NUMBER   ---       ?C?CODESEG
      00FF01D1H   CODE     NEAR LAB  ?C?FCASTC
      00FF01CCH   CODE     NEAR LAB  ?C?FCASTI
      00FF01C7H   CODE     NEAR LAB  ?C?FCASTL
      00FF0146H   CODE     ---       ?C?FPDIV
      00FF0241H   CODE     ---       ?C?FPGETOPN2
      00FF00A6H   CODE     ---       ?C?FPMUL
      00FF027EH   CODE     ---       ?C?FPNANRESULT
      00FF0286H   CODE     ---       ?C?FPOVERFLOW
      00FF025AH   CODE     ---       ?C?FPRESULT
      00FF0270H   CODE     ---       ?C?FPRESULT2
      00FF0283H   CODE     ---       ?C?FPUNDERFLOW
      00FF0000H   CODE     ---       ?C?STARTUP
      00000001H   NUMBER   ---       ?C?XDATASEG
      00FF0000H   CODE     ---       ?C_STARTUP
*SFR* 000000BCH   DATA     BYTE      ADC_CONTR
*SFR* 000000DEH   DATA     BYTE      ADCCFG
      00FF0425H   CODE     ---       Adjust_Pwm_data
*SFR* 000000EFH   DATA     BYTE      AUXINTIF
*SFR* 0000008EH   DATA     BYTE      AUXR
*SFR* 00000097H   DATA     BYTE      AUXR2
      00000020H.1 BIT      BIT       B_TX1_Busy
      00FF03A2H   CODE     ---       Calculation_Data
*SFR* 000000F1H   DATA     BYTE      CANICR
      00FF056DH   CODE     ---       Car_Back
      00FF0559H   CODE     ---       Car_Forword
      00000018H   DATA     BYTE      Car_State_number
      00FF05BBH   CODE     ---       Car_Stop
      00FF0545H   CODE     ---       Car_Turn_Left
      00FF008DH   CODE     ---       Car_Turn_Right
*SFR* 000000EAH   DATA     BYTE      CKCON
*SFR* 000000E6H   DATA     BYTE      CMPCR1
*SFR* 000000E7H   DATA     BYTE      CMPCR2
      00FF05CCH   CODE     ---       Count_Number_DATA
      00FF04C2H   CODE     ---       Delay100ms
      00FF0517H   CODE     ---       delay_ms
*SFR* 000000A8H.7 DATA     BIT       EA
*SFR* 000000BAH.7 DATA     BIT       EAXFR
*SFR* 000000C0H.0 DATA     BIT       Echo
*SFR* 000000A8H.4 DATA     BIT       ES
*SFR* 000000A8H.1 DATA     BIT       ET0
*SFR* 000000A8H.3 DATA     BIT       ET1
      00000020H.0 BIT      BIT       flag
      00FF052EH   CODE     ---       HW_Init_Port
*SFR* 000000C7H   DATA     BYTE      IAP_CONTR
*SFR* 000000A8H   DATA     BYTE      IE
*SFR* 000000AFH   DATA     BYTE      IE2
*SFR* 0000008FH   DATA     BYTE      INTCLKO
L251 LINKER/LOCATER V4.66.93.0                                                        05/18/2023  11:49:16  PAGE 5


*SFR* 000000B8H   DATA     BYTE      IP
*SFR* 000000B5H   DATA     BYTE      IP2
*SFR* 000000B6H   DATA     BYTE      IP2H
*SFR* 000000DFH   DATA     BYTE      IP3
*SFR* 000000EEH   DATA     BYTE      IP3H
*SFR* 000000B7H   DATA     BYTE      IPH
*SFR* 0000009DH   DATA     BYTE      IRCBAND
      00FF05DCH   CODE     ---       LED_Init_Port
*SFR* 000000B0H.4 DATA     BIT       LED_L
      00FF0003H   CODE     ---       LED_OFF
      00FF0601H   CODE     ---       LED_ON
*SFR* 00000080H.5 DATA     BIT       LED_R
*SFR* 000000A0H.1 DATA     BIT       LH_B
*SFR* 000000A0H.0 DATA     BIT       LH_F
*SFR* 000000F9H   DATA     BYTE      LINICR
*SFR* 00000090H.7 DATA     BIT       LQ_B
*SFR* 00000090H.6 DATA     BIT       LQ_F
      00FF0355H   CODE     ---       main
      00FF0595H   CODE     ---       Motor_Init_Port
*SFR* 00000080H   DATA     BYTE      P0
*SFR* 00000080H.6 DATA     BIT       P06
*SFR* 00000094H   DATA     BYTE      P0M0
*SFR* 00000093H   DATA     BYTE      P0M1
*SFR* 00000090H   DATA     BYTE      P1
*SFR* 00000092H   DATA     BYTE      P1M0
*SFR* 00000091H   DATA     BYTE      P1M1
*SFR* 000000A0H   DATA     BYTE      P2
*SFR* 00000096H   DATA     BYTE      P2M0
*SFR* 00000095H   DATA     BYTE      P2M1
*SFR* 000000B0H   DATA     BYTE      P3
*SFR* 000000B0H.3 DATA     BIT       P33
*SFR* 000000B2H   DATA     BYTE      P3M0
*SFR* 000000B1H   DATA     BYTE      P3M1
*SFR* 000000C0H   DATA     BYTE      P4
*SFR* 000000B4H   DATA     BYTE      P4M0
*SFR* 000000B3H   DATA     BYTE      P4M1
*SFR* 000000C8H   DATA     BYTE      P5
*SFR* 000000E8H   DATA     BYTE      P6
*SFR* 000000F8H   DATA     BYTE      P7
*SFR* 000000A2H   DATA     BYTE      P_SW1
*SFR* 000000BAH   DATA     BYTE      P_SW2
*SFR* 000000BBH   DATA     BYTE      P_SW3
*SFR* 00000087H   DATA     BYTE      PCON
      00FF0581H   CODE     ---       PrintString1
      00FF04FDH   CODE     ---       program_automatic_update
*SFR* 000000D0H   DATA     BYTE      PSW
      00000015H   DATA     BYTE      PWM_Count
*SFR* 000000A0H.2 DATA     BIT       RH_B
*SFR* 000000A0H.3 DATA     BIT       RH_F
*SFR* 00000098H.0 DATA     BIT       RI
*SFR* 00000090H.4 DATA     BIT       RQ_B
*SFR* 00000090H.5 DATA     BIT       RQ_F
*SFR* 000000FFH   DATA     BYTE      RSTCFG
      00000012H   DATA     WORD      S
*SFR* 0000009AH   DATA     BYTE      S2CON
*SFR* 000000ACH   DATA     BYTE      S3CON
*SFR* 000000FDH   DATA     BYTE      S4CON
*SFR* 00000099H   DATA     BYTE      SBUF
*SFR* 00000098H   DATA     BYTE      SCON
      00FF05F8H   CODE     ---       SendDataByUart1
*SFR* 000000CEH   DATA     BYTE      SPCTL
*SFR* 000000CDH   DATA     BYTE      SPSTAT
      00FF05EBH   CODE     ---       SR04_Init_Port
      00FF04E3H   CODE     ---       StartModule
*SFR* 000000D2H   DATA     BYTE      T4H
L251 LINKER/LOCATER V4.66.93.0                                                        05/18/2023  11:49:16  PAGE 6


*SFR* 000000D3H   DATA     BYTE      T4L
*SFR* 000000DDH   DATA     BYTE      T4T3M
*SFR* 00000088H   DATA     BYTE      TCON
*SFR* 00000088H.5 DATA     BIT       TF0
*SFR* 0000008CH   DATA     BYTE      TH0
*SFR* 0000008DH   DATA     BYTE      TH1
*SFR* 00000098H.1 DATA     BIT       TI
      00000010H   DATA     WORD      time
      00000016H   DATA     WORD      Time_Count
      00000014H   DATA     BYTE      Time_Count_pwm
      00FF0008H   CODE     ---       timer0_int
      00FF000EH   CODE     ---       Timer0Init
      00FF02F9H   CODE     ---       timer4_int
      00FF05A8H   CODE     ---       Timer4Init
*SFR* 0000008AH   DATA     BYTE      TL0
*SFR* 0000008BH   DATA     BYTE      TL1
*SFR* 00000089H   DATA     BYTE      TMOD
*SFR* 00000088H.4 DATA     BIT       TR0
*SFR* 00000088H.6 DATA     BIT       TR1
*SFR* 00000090H.3 DATA     BIT       Trig
      00FF03EAH   CODE     ---       Uart1
      00FF0495H   CODE     ---       Uart1_Init
      00FF0292H   CODE     ---       Uart_Send_ADC_data
*SFR* 000000F4H   DATA     BYTE      USBCON
*SFR* 000000C1H   DATA     BYTE      WDT_CONTR
*SFR* 000000E9H   DATA     BYTE      WTST
      00FF0026H   CODE     ---       xunji



SYMBOL TABLE OF MODULE:  .\Objects\car (delay)

      VALUE       REP       CLASS    TYPE      SYMBOL NAME
      ====================================================
      ---         MODULE    ---      ---       delay
      00FF0517H   PUBLIC    CODE     ---       delay_ms
      00FF04C2H   PUBLIC    CODE     ---       Delay100ms
      000000D0H   SFRSYM    DATA     BYTE      PSW
      0000009DH   SFRSYM    DATA     BYTE      IRCBAND
      00000097H   SFRSYM    DATA     BYTE      AUXR2
      000000EFH   SFRSYM    DATA     BYTE      AUXINTIF
      000000FDH   SFRSYM    DATA     BYTE      S4CON
      000000ACH   SFRSYM    DATA     BYTE      S3CON
      0000009AH   SFRSYM    DATA     BYTE      S2CON
      000000B7H   SFRSYM    DATA     BYTE      IPH
      000000CDH   SFRSYM    DATA     BYTE      SPSTAT
      000000DDH   SFRSYM    DATA     BYTE      T4T3M
      000000C1H   SFRSYM    DATA     BYTE      WDT_CONTR
      000000DFH   SFRSYM    DATA     BYTE      IP3
      000000F4H   SFRSYM    DATA     BYTE      USBCON
      000000B5H   SFRSYM    DATA     BYTE      IP2
      000000FFH   SFRSYM    DATA     BYTE      RSTCFG
      000000C7H   SFRSYM    DATA     BYTE      IAP_CONTR
      000000F9H   SFRSYM    DATA     BYTE      LINICR
      0000008EH   SFRSYM    DATA     BYTE      AUXR
      000000AFH   SFRSYM    DATA     BYTE      IE2
      00000088H   SFRSYM    DATA     BYTE      TCON
      00000089H   SFRSYM    DATA     BYTE      TMOD
      00000098H   SFRSYM    DATA     BYTE      SCON
      000000F1H   SFRSYM    DATA     BYTE      CANICR
      00000087H   SFRSYM    DATA     BYTE      PCON
      000000BCH   SFRSYM    DATA     BYTE      ADC_CONTR
      000000E7H   SFRSYM    DATA     BYTE      CMPCR2
      000000E6H   SFRSYM    DATA     BYTE      CMPCR1
      000000DEH   SFRSYM    DATA     BYTE      ADCCFG
L251 LINKER/LOCATER V4.66.93.0                                                        05/18/2023  11:49:16  PAGE 7


      000000B8H   SFRSYM    DATA     BYTE      IP
      0000008FH   SFRSYM    DATA     BYTE      INTCLKO
      000000EEH   SFRSYM    DATA     BYTE      IP3H
      000000B6H   SFRSYM    DATA     BYTE      IP2H
      000000A8H   SFRSYM    DATA     BYTE      IE
      000000BBH   SFRSYM    DATA     BYTE      P_SW3
      000000BAH   SFRSYM    DATA     BYTE      P_SW2
      000000A2H   SFRSYM    DATA     BYTE      P_SW1
      000000CEH   SFRSYM    DATA     BYTE      SPCTL
      000000F8H   SFRSYM    DATA     BYTE      P7
      000000E8H   SFRSYM    DATA     BYTE      P6
      000000C8H   SFRSYM    DATA     BYTE      P5
      000000C0H   SFRSYM    DATA     BYTE      P4
      000000B0H   SFRSYM    DATA     BYTE      P3
      000000A0H   SFRSYM    DATA     BYTE      P2
      00000090H   SFRSYM    DATA     BYTE      P1
      00000080H   SFRSYM    DATA     BYTE      P0

      00FF0517H   BLOCK     CODE     ---       LVL=0
      WR4         REGSYM    ---      WORD      ms
      00FF0519H   BLOCK     CODE     NEAR LAB  LVL=1
      WR6         REGSYM    ---      WORD      i
      ---         BLOCKEND  ---      ---       LVL=1
      00FF0517H   LINE      CODE     ---       #23
      00FF0519H   LINE      CODE     ---       #24
      00FF0519H   LINE      CODE     ---       #26
      00FF0519H   LINE      CODE     ---       #27
      00FF051DH   LINE      CODE     ---       #28
      00FF0525H   LINE      CODE     ---       #29
      00FF052DH   LINE      CODE     ---       #30
      ---         BLOCKEND  ---      ---       LVL=0

      00FF04C2H   BLOCK     CODE     ---       LVL=0
      R10         REGSYM    ---      BYTE      i
      R7          REGSYM    ---      BYTE      j
      R6          REGSYM    ---      BYTE      k
      00FF04C2H   LINE      CODE     ---       #31
      00FF04C2H   LINE      CODE     ---       #32
      00FF04C2H   LINE      CODE     ---       #35
      00FF04C3H   LINE      CODE     ---       #36
      00FF04C4H   LINE      CODE     ---       #37
      00FF04C7H   LINE      CODE     ---       #38
      00FF04CAH   LINE      CODE     ---       #39
      00FF04CDH   LINE      CODE     ---       #40
      00FF04CDH   LINE      CODE     ---       #42
      00FF04CDH   LINE      CODE     ---       #44
      00FF04D4H   LINE      CODE     ---       #45
      00FF04DBH   LINE      CODE     ---       #46
      00FF04E2H   LINE      CODE     ---       #47
      ---         BLOCKEND  ---      ---       LVL=0

      ---         MODULE    ---      ---       hw
      00FF0425H   PUBLIC    CODE     ---       Adjust_Pwm_data
      00FF052EH   PUBLIC    CODE     ---       HW_Init_Port
      00000018H   PUBLIC    DATA     BYTE      Car_State_number
      00000094H   SFRSYM    DATA     BYTE      P0M0
      000000D0H   SFRSYM    DATA     BYTE      PSW
      0000009DH   SFRSYM    DATA     BYTE      IRCBAND
      00000097H   SFRSYM    DATA     BYTE      AUXR2
      000000EFH   SFRSYM    DATA     BYTE      AUXINTIF
      000000FDH   SFRSYM    DATA     BYTE      S4CON
      000000ACH   SFRSYM    DATA     BYTE      S3CON
      0000009AH   SFRSYM    DATA     BYTE      S2CON
      000000B7H   SFRSYM    DATA     BYTE      IPH
      000000CDH   SFRSYM    DATA     BYTE      SPSTAT
L251 LINKER/LOCATER V4.66.93.0                                                        05/18/2023  11:49:16  PAGE 8


      000000DDH   SFRSYM    DATA     BYTE      T4T3M
      000000C1H   SFRSYM    DATA     BYTE      WDT_CONTR
      000000DFH   SFRSYM    DATA     BYTE      IP3
      000000F4H   SFRSYM    DATA     BYTE      USBCON
      000000B5H   SFRSYM    DATA     BYTE      IP2
      000000FFH   SFRSYM    DATA     BYTE      RSTCFG
      000000C7H   SFRSYM    DATA     BYTE      IAP_CONTR
      000000F9H   SFRSYM    DATA     BYTE      LINICR
      0000008EH   SFRSYM    DATA     BYTE      AUXR
      000000AFH   SFRSYM    DATA     BYTE      IE2
      00000080H.6 SFRSYM    DATA     BIT       P06
      000000B0H.3 SFRSYM    DATA     BIT       P33
      00000088H   SFRSYM    DATA     BYTE      TCON
      00000089H   SFRSYM    DATA     BYTE      TMOD
      00000098H   SFRSYM    DATA     BYTE      SCON
      000000F1H   SFRSYM    DATA     BYTE      CANICR
      00000087H   SFRSYM    DATA     BYTE      PCON
      000000BCH   SFRSYM    DATA     BYTE      ADC_CONTR
      000000E7H   SFRSYM    DATA     BYTE      CMPCR2
      000000E6H   SFRSYM    DATA     BYTE      CMPCR1
      000000DEH   SFRSYM    DATA     BYTE      ADCCFG
      000000B8H   SFRSYM    DATA     BYTE      IP
      0000008FH   SFRSYM    DATA     BYTE      INTCLKO
      000000EEH   SFRSYM    DATA     BYTE      IP3H
      000000B6H   SFRSYM    DATA     BYTE      IP2H
      000000A8H   SFRSYM    DATA     BYTE      IE
      000000BBH   SFRSYM    DATA     BYTE      P_SW3
      000000BAH   SFRSYM    DATA     BYTE      P_SW2
      000000A2H   SFRSYM    DATA     BYTE      P_SW1
      000000CEH   SFRSYM    DATA     BYTE      SPCTL
      000000F8H   SFRSYM    DATA     BYTE      P7
      000000E8H   SFRSYM    DATA     BYTE      P6
      000000C8H   SFRSYM    DATA     BYTE      P5
      000000C0H   SFRSYM    DATA     BYTE      P4
      000000B0H   SFRSYM    DATA     BYTE      P3
      000000B3H   SFRSYM    DATA     BYTE      P4M1
      000000A0H   SFRSYM    DATA     BYTE      P2
      000000B4H   SFRSYM    DATA     BYTE      P4M0
      00000090H   SFRSYM    DATA     BYTE      P1
      000000B2H   SFRSYM    DATA     BYTE      P3M0
      00000080H   SFRSYM    DATA     BYTE      P0

      00FF052EH   BLOCK     CODE     ---       LVL=0
      00FF052EH   LINE      CODE     ---       #14
      00FF052EH   LINE      CODE     ---       #17
      00FF0531H   LINE      CODE     ---       #18
      00FF0534H   LINE      CODE     ---       #21
      00FF0537H   LINE      CODE     ---       #22
      00FF053AH   LINE      CODE     ---       #25
      00FF053DH   LINE      CODE     ---       #26
      00FF0540H   LINE      CODE     ---       #28
      00FF0542H   LINE      CODE     ---       #29
      00FF0544H   LINE      CODE     ---       #34
      ---         BLOCKEND  ---      ---       LVL=0

      00FF0425H   BLOCK     CODE     ---       LVL=0
      00FF0425H   LINE      CODE     ---       #46
      00FF0425H   LINE      CODE     ---       #48
      00FF043EH   LINE      CODE     ---       #50
      00FF0443H   LINE      CODE     ---       #51
      00FF0448H   LINE      CODE     ---       #53
      00FF044CH   LINE      CODE     ---       #54
      00FF0451H   LINE      CODE     ---       #56
      00FF0455H   LINE      CODE     ---       #57
      00FF045AH   LINE      CODE     ---       #59
L251 LINKER/LOCATER V4.66.93.0                                                        05/18/2023  11:49:16  PAGE 9


      00FF045CH   LINE      CODE     ---       #62
      00FF045FH   LINE      CODE     ---       #63
      00FF045FH   LINE      CODE     ---       #64
      ---         BLOCKEND  ---      ---       LVL=0

      ---         MODULE    ---      ---       LED
      00FF0003H   PUBLIC    CODE     ---       LED_OFF
      00FF0601H   PUBLIC    CODE     ---       LED_ON
      00FF05DCH   PUBLIC    CODE     ---       LED_Init_Port
      00000094H   SFRSYM    DATA     BYTE      P0M0
      000000D0H   SFRSYM    DATA     BYTE      PSW
      0000009DH   SFRSYM    DATA     BYTE      IRCBAND
      00000097H   SFRSYM    DATA     BYTE      AUXR2
      000000EFH   SFRSYM    DATA     BYTE      AUXINTIF
      000000FDH   SFRSYM    DATA     BYTE      S4CON
      000000ACH   SFRSYM    DATA     BYTE      S3CON
      0000009AH   SFRSYM    DATA     BYTE      S2CON
      000000B7H   SFRSYM    DATA     BYTE      IPH
      000000CDH   SFRSYM    DATA     BYTE      SPSTAT
      000000DDH   SFRSYM    DATA     BYTE      T4T3M
      000000C1H   SFRSYM    DATA     BYTE      WDT_CONTR
      000000DFH   SFRSYM    DATA     BYTE      IP3
      000000F4H   SFRSYM    DATA     BYTE      USBCON
      000000B5H   SFRSYM    DATA     BYTE      IP2
      000000FFH   SFRSYM    DATA     BYTE      RSTCFG
      000000C7H   SFRSYM    DATA     BYTE      IAP_CONTR
      000000F9H   SFRSYM    DATA     BYTE      LINICR
      0000008EH   SFRSYM    DATA     BYTE      AUXR
      000000AFH   SFRSYM    DATA     BYTE      IE2
      00000088H   SFRSYM    DATA     BYTE      TCON
      00000089H   SFRSYM    DATA     BYTE      TMOD
      00000098H   SFRSYM    DATA     BYTE      SCON
      000000F1H   SFRSYM    DATA     BYTE      CANICR
      00000087H   SFRSYM    DATA     BYTE      PCON
      000000BCH   SFRSYM    DATA     BYTE      ADC_CONTR
      000000E7H   SFRSYM    DATA     BYTE      CMPCR2
      000000E6H   SFRSYM    DATA     BYTE      CMPCR1
      000000DEH   SFRSYM    DATA     BYTE      ADCCFG
      000000B8H   SFRSYM    DATA     BYTE      IP
      0000008FH   SFRSYM    DATA     BYTE      INTCLKO
      000000EEH   SFRSYM    DATA     BYTE      IP3H
      000000B6H   SFRSYM    DATA     BYTE      IP2H
      000000A8H   SFRSYM    DATA     BYTE      IE
      000000BBH   SFRSYM    DATA     BYTE      P_SW3
      000000BAH   SFRSYM    DATA     BYTE      P_SW2
      000000A2H   SFRSYM    DATA     BYTE      P_SW1
      000000CEH   SFRSYM    DATA     BYTE      SPCTL
      00000080H.5 SFRSYM    DATA     BIT       LED_R
      000000F8H   SFRSYM    DATA     BYTE      P7
      000000E8H   SFRSYM    DATA     BYTE      P6
      000000C8H   SFRSYM    DATA     BYTE      P5
      000000C0H   SFRSYM    DATA     BYTE      P4
      000000B0H   SFRSYM    DATA     BYTE      P3
      000000A0H   SFRSYM    DATA     BYTE      P2
      000000B1H   SFRSYM    DATA     BYTE      P3M1
      000000B0H.4 SFRSYM    DATA     BIT       LED_L
      00000090H   SFRSYM    DATA     BYTE      P1
      000000B2H   SFRSYM    DATA     BYTE      P3M0
      00000080H   SFRSYM    DATA     BYTE      P0
      00000093H   SFRSYM    DATA     BYTE      P0M1

      00FF05DCH   BLOCK     CODE     ---       LVL=0
      00FF05DCH   LINE      CODE     ---       #15
      00FF05DCH   LINE      CODE     ---       #17
      00FF05DFH   LINE      CODE     ---       #18
L251 LINKER/LOCATER V4.66.93.0                                                        05/18/2023  11:49:16  PAGE 10


      00FF05E2H   LINE      CODE     ---       #20
      00FF05E5H   LINE      CODE     ---       #21
      00FF05E8H   LINE      CODE     ---       #23
      ---         BLOCKEND  ---      ---       LVL=0

      00FF0601H   BLOCK     CODE     ---       LVL=0
      00FF0601H   LINE      CODE     ---       #35
      00FF0601H   LINE      CODE     ---       #38
      00FF0603H   LINE      CODE     ---       #39
      00FF0605H   LINE      CODE     ---       #41
      ---         BLOCKEND  ---      ---       LVL=0

      00FF0003H   BLOCK     CODE     ---       LVL=0
      00FF0003H   LINE      CODE     ---       #51
      00FF0003H   LINE      CODE     ---       #54
      00FF0005H   LINE      CODE     ---       #55
      00FF0007H   LINE      CODE     ---       #57
      ---         BLOCKEND  ---      ---       LVL=0

      ---         MODULE    ---      ---       main
      00FF0355H   PUBLIC    CODE     ---       main
      00FF0026H   PUBLIC    CODE     ---       xunji
      000000D0H   SFRSYM    DATA     BYTE      PSW
      000000BAH.7 SFRSYM    DATA     BIT       EAXFR
      0000009DH   SFRSYM    DATA     BYTE      IRCBAND
      00000097H   SFRSYM    DATA     BYTE      AUXR2
      000000EAH   SFRSYM    DATA     BYTE      CKCON
      000000EFH   SFRSYM    DATA     BYTE      AUXINTIF
      000000FDH   SFRSYM    DATA     BYTE      S4CON
      000000ACH   SFRSYM    DATA     BYTE      S3CON
      0000009AH   SFRSYM    DATA     BYTE      S2CON
      000000B7H   SFRSYM    DATA     BYTE      IPH
      000000CDH   SFRSYM    DATA     BYTE      SPSTAT
      000000DDH   SFRSYM    DATA     BYTE      T4T3M
      000000C1H   SFRSYM    DATA     BYTE      WDT_CONTR
      000000E9H   SFRSYM    DATA     BYTE      WTST
      000000DFH   SFRSYM    DATA     BYTE      IP3
      000000F4H   SFRSYM    DATA     BYTE      USBCON
      000000B5H   SFRSYM    DATA     BYTE      IP2
      000000FFH   SFRSYM    DATA     BYTE      RSTCFG
      000000C7H   SFRSYM    DATA     BYTE      IAP_CONTR
      000000F9H   SFRSYM    DATA     BYTE      LINICR
      0000008EH   SFRSYM    DATA     BYTE      AUXR
      000000AFH   SFRSYM    DATA     BYTE      IE2
      00000080H.6 SFRSYM    DATA     BIT       P06
      000000B0H.3 SFRSYM    DATA     BIT       P33
      00000088H   SFRSYM    DATA     BYTE      TCON
      00000089H   SFRSYM    DATA     BYTE      TMOD
      00000098H   SFRSYM    DATA     BYTE      SCON
      000000F1H   SFRSYM    DATA     BYTE      CANICR
      00000087H   SFRSYM    DATA     BYTE      PCON
      000000BCH   SFRSYM    DATA     BYTE      ADC_CONTR
      000000E7H   SFRSYM    DATA     BYTE      CMPCR2
      000000E6H   SFRSYM    DATA     BYTE      CMPCR1
      000000DEH   SFRSYM    DATA     BYTE      ADCCFG
      000000B8H   SFRSYM    DATA     BYTE      IP
      0000008FH   SFRSYM    DATA     BYTE      INTCLKO
      000000EEH   SFRSYM    DATA     BYTE      IP3H
      000000B6H   SFRSYM    DATA     BYTE      IP2H
      000000A8H   SFRSYM    DATA     BYTE      IE
      000000BBH   SFRSYM    DATA     BYTE      P_SW3
      000000BAH   SFRSYM    DATA     BYTE      P_SW2
      000000A2H   SFRSYM    DATA     BYTE      P_SW1
      000000CEH   SFRSYM    DATA     BYTE      SPCTL
      000000F8H   SFRSYM    DATA     BYTE      P7
L251 LINKER/LOCATER V4.66.93.0                                                        05/18/2023  11:49:16  PAGE 11


      000000E8H   SFRSYM    DATA     BYTE      P6
      000000C8H   SFRSYM    DATA     BYTE      P5
      000000C0H   SFRSYM    DATA     BYTE      P4
      000000B0H   SFRSYM    DATA     BYTE      P3
      000000A0H   SFRSYM    DATA     BYTE      P2
      00000090H   SFRSYM    DATA     BYTE      P1
      00000080H   SFRSYM    DATA     BYTE      P0

      00FF0355H   BLOCK     CODE     ---       LVL=0
      00FF0355H   LINE      CODE     ---       #14
      00FF0355H   LINE      CODE     ---       #17
      00FF0358H   LINE      CODE     ---       #18
      00FF035BH   LINE      CODE     ---       #19
      00FF035EH   LINE      CODE     ---       #21
      00FF0361H   LINE      CODE     ---       #23
      00FF0364H   LINE      CODE     ---       #25
      00FF0367H   LINE      CODE     ---       #27
      00FF036AH   LINE      CODE     ---       #29
      00FF036DH   LINE      CODE     ---       #31
      00FF0370H   LINE      CODE     ---       #32
      00FF0370H   LINE      CODE     ---       #36
      00FF0379H   LINE      CODE     ---       #38
      00FF037CH   LINE      CODE     ---       #40
      00FF0381H   LINE      CODE     ---       #41
      00FF0381H   LINE      CODE     ---       #43
      00FF038AH   LINE      CODE     ---       #45
      00FF038DH   LINE      CODE     ---       #46
      00FF038FH   LINE      CODE     ---       #53
      00FF039BH   LINE      CODE     ---       #55
      00FF039BH   LINE      CODE     ---       #58
      00FF039DH   LINE      CODE     ---       #60
      00FF03A0H   LINE      CODE     ---       #62
      00FF03A0H   LINE      CODE     ---       #64
      ---         BLOCKEND  ---      ---       LVL=0

      00FF0026H   BLOCK     CODE     ---       LVL=0
      00FF0026H   LINE      CODE     ---       #68
      00FF0026H   LINE      CODE     ---       #71
      00FF0032H   LINE      CODE     ---       #73
      00FF0035H   LINE      CODE     ---       #74
      00FF0035H   LINE      CODE     ---       #76
      00FF0043H   LINE      CODE     ---       #78
      00FF0043H   LINE      CODE     ---       #80
      00FF0046H   LINE      CODE     ---       #81
      00FF0052H   LINE      CODE     ---       #83
      00FF0052H   LINE      CODE     ---       #84
      00FF0052H   LINE      CODE     ---       #86
      00FF0052H   LINE      CODE     ---       #88
      00FF005FH   LINE      CODE     ---       #90
      00FF005FH   LINE      CODE     ---       #92
      00FF0062H   LINE      CODE     ---       #93
      00FF006FH   LINE      CODE     ---       #95
      00FF006FH   LINE      CODE     ---       #96
      00FF006FH   LINE      CODE     ---       #98
      00FF006FH   LINE      CODE     ---       #101
      00FF007CH   LINE      CODE     ---       #103
      00FF007CH   LINE      CODE     ---       #105
      00FF007FH   LINE      CODE     ---       #106
      00FF008CH   LINE      CODE     ---       #108
      00FF008CH   LINE      CODE     ---       #109
      00FF008CH   LINE      CODE     ---       #111
      ---         BLOCKEND  ---      ---       LVL=0

      ---         MODULE    ---      ---       motor
      00FF008DH   PUBLIC    CODE     ---       Car_Turn_Right
L251 LINKER/LOCATER V4.66.93.0                                                        05/18/2023  11:49:16  PAGE 12


      00FF0545H   PUBLIC    CODE     ---       Car_Turn_Left
      00FF0595H   PUBLIC    CODE     ---       Motor_Init_Port
      00FF05BBH   PUBLIC    CODE     ---       Car_Stop
      00FF0559H   PUBLIC    CODE     ---       Car_Forword
      00FF056DH   PUBLIC    CODE     ---       Car_Back
      000000D0H   SFRSYM    DATA     BYTE      PSW
      0000009DH   SFRSYM    DATA     BYTE      IRCBAND
      00000097H   SFRSYM    DATA     BYTE      AUXR2
      000000EFH   SFRSYM    DATA     BYTE      AUXINTIF
      000000FDH   SFRSYM    DATA     BYTE      S4CON
      000000ACH   SFRSYM    DATA     BYTE      S3CON
      0000009AH   SFRSYM    DATA     BYTE      S2CON
      000000B7H   SFRSYM    DATA     BYTE      IPH
      000000CDH   SFRSYM    DATA     BYTE      SPSTAT
      000000DDH   SFRSYM    DATA     BYTE      T4T3M
      000000C1H   SFRSYM    DATA     BYTE      WDT_CONTR
      000000DFH   SFRSYM    DATA     BYTE      IP3
      000000F4H   SFRSYM    DATA     BYTE      USBCON
      000000B5H   SFRSYM    DATA     BYTE      IP2
      000000FFH   SFRSYM    DATA     BYTE      RSTCFG
      00000090H.5 SFRSYM    DATA     BIT       RQ_F
      00000090H.4 SFRSYM    DATA     BIT       RQ_B
      000000C7H   SFRSYM    DATA     BYTE      IAP_CONTR
      000000F9H   SFRSYM    DATA     BYTE      LINICR
      00000090H.6 SFRSYM    DATA     BIT       LQ_F
      0000008EH   SFRSYM    DATA     BYTE      AUXR
      000000AFH   SFRSYM    DATA     BYTE      IE2
      000000A0H.3 SFRSYM    DATA     BIT       RH_F
      00000090H.7 SFRSYM    DATA     BIT       LQ_B
      000000A0H.2 SFRSYM    DATA     BIT       RH_B
      000000A0H.0 SFRSYM    DATA     BIT       LH_F
      000000A0H.1 SFRSYM    DATA     BIT       LH_B
      00000088H   SFRSYM    DATA     BYTE      TCON
      00000089H   SFRSYM    DATA     BYTE      TMOD
      00000098H   SFRSYM    DATA     BYTE      SCON
      000000F1H   SFRSYM    DATA     BYTE      CANICR
      00000087H   SFRSYM    DATA     BYTE      PCON
      000000BCH   SFRSYM    DATA     BYTE      ADC_CONTR
      000000E7H   SFRSYM    DATA     BYTE      CMPCR2
      000000E6H   SFRSYM    DATA     BYTE      CMPCR1
      000000DEH   SFRSYM    DATA     BYTE      ADCCFG
      000000B8H   SFRSYM    DATA     BYTE      IP
      0000008FH   SFRSYM    DATA     BYTE      INTCLKO
      000000EEH   SFRSYM    DATA     BYTE      IP3H
      000000B6H   SFRSYM    DATA     BYTE      IP2H
      000000A8H   SFRSYM    DATA     BYTE      IE
      000000BBH   SFRSYM    DATA     BYTE      P_SW3
      000000BAH   SFRSYM    DATA     BYTE      P_SW2
      000000A2H   SFRSYM    DATA     BYTE      P_SW1
      000000CEH   SFRSYM    DATA     BYTE      SPCTL
      000000F8H   SFRSYM    DATA     BYTE      P7
      000000E8H   SFRSYM    DATA     BYTE      P6
      000000C8H   SFRSYM    DATA     BYTE      P5
      000000C0H   SFRSYM    DATA     BYTE      P4
      000000B0H   SFRSYM    DATA     BYTE      P3
      000000A0H   SFRSYM    DATA     BYTE      P2
      00000090H   SFRSYM    DATA     BYTE      P1
      00000095H   SFRSYM    DATA     BYTE      P2M1
      00000080H   SFRSYM    DATA     BYTE      P0
      00000091H   SFRSYM    DATA     BYTE      P1M1
      00000096H   SFRSYM    DATA     BYTE      P2M0
      00000092H   SFRSYM    DATA     BYTE      P1M0

      00FF0595H   BLOCK     CODE     ---       LVL=0
      00FF0595H   LINE      CODE     ---       #27
L251 LINKER/LOCATER V4.66.93.0                                                        05/18/2023  11:49:16  PAGE 13


      00FF0595H   LINE      CODE     ---       #29
      00FF0598H   LINE      CODE     ---       #30
      00FF059BH   LINE      CODE     ---       #32
      00FF059EH   LINE      CODE     ---       #33
      00FF05A1H   LINE      CODE     ---       #35
      ---         BLOCKEND  ---      ---       LVL=0

      00FF0559H   BLOCK     CODE     ---       LVL=0
      R11         REGSYM    ---      BYTE      pwm_perent
      00FF0559H   LINE      CODE     ---       #46
      00FF0559H   LINE      CODE     ---       #49
      00FF055CH   LINE      CODE     ---       #51
      00FF055EH   LINE      CODE     ---       #52
      00FF0560H   LINE      CODE     ---       #54
      00FF0562H   LINE      CODE     ---       #55
      00FF0564H   LINE      CODE     ---       #57
      00FF0566H   LINE      CODE     ---       #58
      00FF0568H   LINE      CODE     ---       #60
      00FF056AH   LINE      CODE     ---       #61
      00FF056CH   LINE      CODE     ---       #62
      ---         BLOCKEND  ---      ---       LVL=0

      00FF056DH   BLOCK     CODE     ---       LVL=0
      R11         REGSYM    ---      BYTE      pwm_perent
      00FF056DH   LINE      CODE     ---       #72
      00FF056DH   LINE      CODE     ---       #74
      00FF0570H   LINE      CODE     ---       #76
      00FF0572H   LINE      CODE     ---       #77
      00FF0574H   LINE      CODE     ---       #79
      00FF0576H   LINE      CODE     ---       #80
      00FF0578H   LINE      CODE     ---       #82
      00FF057AH   LINE      CODE     ---       #83
      00FF057CH   LINE      CODE     ---       #85
      00FF057EH   LINE      CODE     ---       #86
      00FF0580H   LINE      CODE     ---       #88
      ---         BLOCKEND  ---      ---       LVL=0

      00FF0545H   BLOCK     CODE     ---       LVL=0
      R11         REGSYM    ---      BYTE      pwm_perent
      00FF0545H   LINE      CODE     ---       #98
      00FF0545H   LINE      CODE     ---       #100
      00FF0548H   LINE      CODE     ---       #102
      00FF054AH   LINE      CODE     ---       #103
      00FF054CH   LINE      CODE     ---       #105
      00FF054EH   LINE      CODE     ---       #106
      00FF0550H   LINE      CODE     ---       #108
      00FF0552H   LINE      CODE     ---       #109
      00FF0554H   LINE      CODE     ---       #111
      00FF0556H   LINE      CODE     ---       #112
      00FF0558H   LINE      CODE     ---       #114
      ---         BLOCKEND  ---      ---       LVL=0

      00FF008DH   BLOCK     CODE     ---       LVL=0
      R11         REGSYM    ---      BYTE      pwm_perent
      00FF008DH   LINE      CODE     ---       #124
      00FF008DH   LINE      CODE     ---       #126
      00FF0090H   LINE      CODE     ---       #128
      00FF0092H   LINE      CODE     ---       #129
      00FF0094H   LINE      CODE     ---       #131
      00FF0096H   LINE      CODE     ---       #132
      00FF0098H   LINE      CODE     ---       #134
      00FF009AH   LINE      CODE     ---       #135
      00FF009CH   LINE      CODE     ---       #137
      00FF009EH   LINE      CODE     ---       #138
      00FF00A0H   LINE      CODE     ---       #140
L251 LINKER/LOCATER V4.66.93.0                                                        05/18/2023  11:49:16  PAGE 14


      ---         BLOCKEND  ---      ---       LVL=0

      00FF05BBH   BLOCK     CODE     ---       LVL=0
      00FF05BBH   LINE      CODE     ---       #168
      00FF05BBH   LINE      CODE     ---       #171
      00FF05BDH   LINE      CODE     ---       #172
      00FF05BFH   LINE      CODE     ---       #174
      00FF05C1H   LINE      CODE     ---       #175
      00FF05C3H   LINE      CODE     ---       #177
      00FF05C5H   LINE      CODE     ---       #178
      00FF05C7H   LINE      CODE     ---       #180
      00FF05C9H   LINE      CODE     ---       #181
      00FF05CBH   LINE      CODE     ---       #182
      ---         BLOCKEND  ---      ---       LVL=0

      ---         MODULE    ---      ---       sr04
      00FF05EBH   PUBLIC    CODE     ---       SR04_Init_Port
      00FF03A2H   PUBLIC    CODE     ---       Calculation_Data
      00FF05CCH   PUBLIC    CODE     ---       Count_Number_DATA
      00FF04E3H   PUBLIC    CODE     ---       StartModule
      00000020H.0 PUBLIC    BIT      BIT       flag
      00000010H   PUBLIC    DATA     WORD      time
      00000012H   PUBLIC    DATA     WORD      S
      000000D0H   SFRSYM    DATA     BYTE      PSW
      0000009DH   SFRSYM    DATA     BYTE      IRCBAND
      00000097H   SFRSYM    DATA     BYTE      AUXR2
      000000EFH   SFRSYM    DATA     BYTE      AUXINTIF
      000000FDH   SFRSYM    DATA     BYTE      S4CON
      000000ACH   SFRSYM    DATA     BYTE      S3CON
      0000009AH   SFRSYM    DATA     BYTE      S2CON
      000000B7H   SFRSYM    DATA     BYTE      IPH
      000000CDH   SFRSYM    DATA     BYTE      SPSTAT
      000000DDH   SFRSYM    DATA     BYTE      T4T3M
      000000C1H   SFRSYM    DATA     BYTE      WDT_CONTR
      00000088H.4 SFRSYM    DATA     BIT       TR0
      0000008AH   SFRSYM    DATA     BYTE      TL0
      0000008CH   SFRSYM    DATA     BYTE      TH0
      000000DFH   SFRSYM    DATA     BYTE      IP3
      000000F4H   SFRSYM    DATA     BYTE      USBCON
      000000B5H   SFRSYM    DATA     BYTE      IP2
      000000FFH   SFRSYM    DATA     BYTE      RSTCFG
      000000A8H.1 SFRSYM    DATA     BIT       ET0
      000000C7H   SFRSYM    DATA     BYTE      IAP_CONTR
      000000F9H   SFRSYM    DATA     BYTE      LINICR
      0000008EH   SFRSYM    DATA     BYTE      AUXR
      000000AFH   SFRSYM    DATA     BYTE      IE2
      00000088H   SFRSYM    DATA     BYTE      TCON
      00000089H   SFRSYM    DATA     BYTE      TMOD
      00000098H   SFRSYM    DATA     BYTE      SCON
      000000F1H   SFRSYM    DATA     BYTE      CANICR
      00000087H   SFRSYM    DATA     BYTE      PCON
      000000BCH   SFRSYM    DATA     BYTE      ADC_CONTR
      000000E7H   SFRSYM    DATA     BYTE      CMPCR2
      000000E6H   SFRSYM    DATA     BYTE      CMPCR1
      000000DEH   SFRSYM    DATA     BYTE      ADCCFG
      000000B8H   SFRSYM    DATA     BYTE      IP
      00000090H.3 SFRSYM    DATA     BIT       Trig
      0000008FH   SFRSYM    DATA     BYTE      INTCLKO
      000000EEH   SFRSYM    DATA     BYTE      IP3H
      000000B6H   SFRSYM    DATA     BYTE      IP2H
      000000A8H   SFRSYM    DATA     BYTE      IE
      000000BBH   SFRSYM    DATA     BYTE      P_SW3
      000000BAH   SFRSYM    DATA     BYTE      P_SW2
      000000A2H   SFRSYM    DATA     BYTE      P_SW1
      000000CEH   SFRSYM    DATA     BYTE      SPCTL
L251 LINKER/LOCATER V4.66.93.0                                                        05/18/2023  11:49:16  PAGE 15


      000000F8H   SFRSYM    DATA     BYTE      P7
      000000E8H   SFRSYM    DATA     BYTE      P6
      000000C8H   SFRSYM    DATA     BYTE      P5
      000000C0H   SFRSYM    DATA     BYTE      P4
      000000B0H   SFRSYM    DATA     BYTE      P3
      000000B3H   SFRSYM    DATA     BYTE      P4M1
      000000A0H   SFRSYM    DATA     BYTE      P2
      000000B4H   SFRSYM    DATA     BYTE      P4M0
      00000090H   SFRSYM    DATA     BYTE      P1
      000000C0H.0 SFRSYM    DATA     BIT       Echo
      00000080H   SFRSYM    DATA     BYTE      P0
      00000091H   SFRSYM    DATA     BYTE      P1M1
      00000092H   SFRSYM    DATA     BYTE      P1M0

      00FF05EBH   BLOCK     CODE     ---       LVL=0
      00FF05EBH   LINE      CODE     ---       #18
      00FF05EBH   LINE      CODE     ---       #20
      00FF05EEH   LINE      CODE     ---       #21
      00FF05F1H   LINE      CODE     ---       #23
      00FF05F4H   LINE      CODE     ---       #24
      00FF05F7H   LINE      CODE     ---       #26
      ---         BLOCKEND  ---      ---       LVL=0

      00FF04E3H   BLOCK     CODE     ---       LVL=0
      00FF04E3H   LINE      CODE     ---       #36
      00FF04E3H   LINE      CODE     ---       #38
      00FF04E5H   LINE      CODE     ---       #39
      00FF04E6H   LINE      CODE     ---       #40
      00FF04E7H   LINE      CODE     ---       #41
      00FF04E8H   LINE      CODE     ---       #42
      00FF04E9H   LINE      CODE     ---       #43
      00FF04EAH   LINE      CODE     ---       #44
      00FF04EBH   LINE      CODE     ---       #45
      00FF04ECH   LINE      CODE     ---       #46
      00FF04EDH   LINE      CODE     ---       #47
      00FF04EEH   LINE      CODE     ---       #48
      00FF04EFH   LINE      CODE     ---       #49
      00FF04F0H   LINE      CODE     ---       #50
      00FF04F1H   LINE      CODE     ---       #51
      00FF04F2H   LINE      CODE     ---       #52
      00FF04F3H   LINE      CODE     ---       #53
      00FF04F4H   LINE      CODE     ---       #54
      00FF04F5H   LINE      CODE     ---       #55
      00FF04F6H   LINE      CODE     ---       #56
      00FF04F7H   LINE      CODE     ---       #57
      00FF04F8H   LINE      CODE     ---       #58
      00FF04F9H   LINE      CODE     ---       #59
      00FF04FAH   LINE      CODE     ---       #60
      00FF04FCH   LINE      CODE     ---       #61
      ---         BLOCKEND  ---      ---       LVL=0

      00FF05CCH   BLOCK     CODE     ---       LVL=0
      00FF05CCH   LINE      CODE     ---       #71
      00FF05CCH   LINE      CODE     ---       #73
      00FF05CFH   LINE      CODE     ---       #74
      00FF05D2H   LINE      CODE     ---       #75
      00FF05D4H   LINE      CODE     ---       #76
      00FF05D7H   LINE      CODE     ---       #77
      00FF05D9H   LINE      CODE     ---       #78
      ---         BLOCKEND  ---      ---       LVL=0

      00FF03A2H   BLOCK     CODE     ---       LVL=0
      00FF03A2H   LINE      CODE     ---       #92
      00FF03A2H   LINE      CODE     ---       #94
      00FF03A4H   LINE      CODE     ---       #95
L251 LINKER/LOCATER V4.66.93.0                                                        05/18/2023  11:49:16  PAGE 16


      00FF03B7H   LINE      CODE     ---       #96
      00FF03BAH   LINE      CODE     ---       #97
      00FF03BDH   LINE      CODE     ---       #98
      00FF03E7H   LINE      CODE     ---       #99
      00FF03E9H   LINE      CODE     ---       #103
      ---         BLOCKEND  ---      ---       LVL=0

      ---         MODULE    ---      ---       timer
      00FF0008H   PUBLIC    CODE     ---       timer0_int
      00FF02F9H   PUBLIC    CODE     ---       timer4_int
      00FF000EH   PUBLIC    CODE     ---       Timer0Init
      00FF05A8H   PUBLIC    CODE     ---       Timer4Init
      00000014H   PUBLIC    DATA     BYTE      Time_Count_pwm
      00000015H   PUBLIC    DATA     BYTE      PWM_Count
      00000016H   PUBLIC    DATA     WORD      Time_Count
      000000D0H   SFRSYM    DATA     BYTE      PSW
      0000009DH   SFRSYM    DATA     BYTE      IRCBAND
      00000097H   SFRSYM    DATA     BYTE      AUXR2
      000000EFH   SFRSYM    DATA     BYTE      AUXINTIF
      000000FDH   SFRSYM    DATA     BYTE      S4CON
      000000ACH   SFRSYM    DATA     BYTE      S3CON
      0000009AH   SFRSYM    DATA     BYTE      S2CON
      000000B7H   SFRSYM    DATA     BYTE      IPH
      000000CDH   SFRSYM    DATA     BYTE      SPSTAT
      000000DDH   SFRSYM    DATA     BYTE      T4T3M
      000000C1H   SFRSYM    DATA     BYTE      WDT_CONTR
      00000088H.4 SFRSYM    DATA     BIT       TR0
      000000D3H   SFRSYM    DATA     BYTE      T4L
      0000008AH   SFRSYM    DATA     BYTE      TL0
      000000D2H   SFRSYM    DATA     BYTE      T4H
      0000008CH   SFRSYM    DATA     BYTE      TH0
      000000DFH   SFRSYM    DATA     BYTE      IP3
      000000F4H   SFRSYM    DATA     BYTE      USBCON
      000000B5H   SFRSYM    DATA     BYTE      IP2
      000000FFH   SFRSYM    DATA     BYTE      RSTCFG
      00000088H.5 SFRSYM    DATA     BIT       TF0
      000000A8H.1 SFRSYM    DATA     BIT       ET0
      000000C7H   SFRSYM    DATA     BYTE      IAP_CONTR
      000000F9H   SFRSYM    DATA     BYTE      LINICR
      0000008EH   SFRSYM    DATA     BYTE      AUXR
      000000AFH   SFRSYM    DATA     BYTE      IE2
      00000088H   SFRSYM    DATA     BYTE      TCON
      00000089H   SFRSYM    DATA     BYTE      TMOD
      00000098H   SFRSYM    DATA     BYTE      SCON
      000000F1H   SFRSYM    DATA     BYTE      CANICR
      00000087H   SFRSYM    DATA     BYTE      PCON
      000000BCH   SFRSYM    DATA     BYTE      ADC_CONTR
      000000E7H   SFRSYM    DATA     BYTE      CMPCR2
      000000E6H   SFRSYM    DATA     BYTE      CMPCR1
      000000DEH   SFRSYM    DATA     BYTE      ADCCFG
      000000B8H   SFRSYM    DATA     BYTE      IP
      0000008FH   SFRSYM    DATA     BYTE      INTCLKO
      000000EEH   SFRSYM    DATA     BYTE      IP3H
      000000B6H   SFRSYM    DATA     BYTE      IP2H
      000000A8H   SFRSYM    DATA     BYTE      IE
      000000BBH   SFRSYM    DATA     BYTE      P_SW3
      000000BAH   SFRSYM    DATA     BYTE      P_SW2
      000000A2H   SFRSYM    DATA     BYTE      P_SW1
      000000CEH   SFRSYM    DATA     BYTE      SPCTL
      000000F8H   SFRSYM    DATA     BYTE      P7
      000000A8H.7 SFRSYM    DATA     BIT       EA
      000000E8H   SFRSYM    DATA     BYTE      P6
      000000C8H   SFRSYM    DATA     BYTE      P5
      000000C0H   SFRSYM    DATA     BYTE      P4
      000000B0H   SFRSYM    DATA     BYTE      P3
L251 LINKER/LOCATER V4.66.93.0                                                        05/18/2023  11:49:16  PAGE 17


      000000A0H   SFRSYM    DATA     BYTE      P2
      00000090H   SFRSYM    DATA     BYTE      P1
      00000080H   SFRSYM    DATA     BYTE      P0

      00FF000EH   BLOCK     CODE     ---       LVL=0
      00FF000EH   LINE      CODE     ---       #19
      00FF000EH   LINE      CODE     ---       #24
      00FF0011H   LINE      CODE     ---       #25
      00FF0014H   LINE      CODE     ---       #27
      00FF0017H   LINE      CODE     ---       #28
      00FF001AH   LINE      CODE     ---       #29
      00FF001CH   LINE      CODE     ---       #30
      00FF001EH   LINE      CODE     ---       #31
      00FF0020H   LINE      CODE     ---       #32
      00FF0022H   LINE      CODE     ---       #33
      ---         BLOCKEND  ---      ---       LVL=0

      00FF05A8H   BLOCK     CODE     ---       LVL=0
      00FF05A8H   LINE      CODE     ---       #40
      00FF05A8H   LINE      CODE     ---       #42
      00FF05ABH   LINE      CODE     ---       #43
      00FF05AEH   LINE      CODE     ---       #44
      00FF05B1H   LINE      CODE     ---       #45
      00FF05B4H   LINE      CODE     ---       #46
      00FF05B7H   LINE      CODE     ---       #47
      00FF05BAH   LINE      CODE     ---       #48
      ---         BLOCKEND  ---      ---       LVL=0

      00FF0008H   BLOCK     CODE     ---       LVL=0
      00FF0008H   LINE      CODE     ---       #50
      00FF0008H   LINE      CODE     ---       #54
      ---         BLOCKEND  ---      ---       LVL=0

      00FF02F9H   BLOCK     CODE     ---       LVL=0
      00FF02F9H   LINE      CODE     ---       #61
      00FF030FH   LINE      CODE     ---       #63
      00FF031DH   LINE      CODE     ---       #65
      00FF0322H   LINE      CODE     ---       #66
      00FF0322H   LINE      CODE     ---       #67
      00FF032CH   LINE      CODE     ---       #69
      00FF032FH   LINE      CODE     ---       #70
      00FF032FH   LINE      CODE     ---       #71
      00FF0336H   LINE      CODE     ---       #73
      00FF0339H   LINE      CODE     ---       #75
      00FF033BH   LINE      CODE     ---       #77
      00FF033EH   LINE      CODE     ---       #79
      00FF033EH   LINE      CODE     ---       #80
      ---         BLOCKEND  ---      ---       LVL=0

      ---         MODULE    ---      ---       uart1
      00FF04FDH   PUBLIC    CODE     ---       program_automatic_update
      00FF05F8H   PUBLIC    CODE     ---       SendDataByUart1
      00FF0292H   PUBLIC    CODE     ---       Uart_Send_ADC_data
      00FF0581H   PUBLIC    CODE     ---       PrintString1
      00FF0495H   PUBLIC    CODE     ---       Uart1_Init
      00FF03EAH   PUBLIC    CODE     ---       Uart1
      00000020H.1 PUBLIC    BIT      BIT       B_TX1_Busy
      000000D0H   SFRSYM    DATA     BYTE      PSW
      0000009DH   SFRSYM    DATA     BYTE      IRCBAND
      00000097H   SFRSYM    DATA     BYTE      AUXR2
      000000EFH   SFRSYM    DATA     BYTE      AUXINTIF
      000000FDH   SFRSYM    DATA     BYTE      S4CON
      000000ACH   SFRSYM    DATA     BYTE      S3CON
      0000009AH   SFRSYM    DATA     BYTE      S2CON
      000000B7H   SFRSYM    DATA     BYTE      IPH
L251 LINKER/LOCATER V4.66.93.0                                                        05/18/2023  11:49:16  PAGE 18


      000000CDH   SFRSYM    DATA     BYTE      SPSTAT
      000000DDH   SFRSYM    DATA     BYTE      T4T3M
      000000C1H   SFRSYM    DATA     BYTE      WDT_CONTR
      00000088H.6 SFRSYM    DATA     BIT       TR1
      0000008BH   SFRSYM    DATA     BYTE      TL1
      0000008DH   SFRSYM    DATA     BYTE      TH1
      000000DFH   SFRSYM    DATA     BYTE      IP3
      000000F4H   SFRSYM    DATA     BYTE      USBCON
      000000B5H   SFRSYM    DATA     BYTE      IP2
      000000FFH   SFRSYM    DATA     BYTE      RSTCFG
      000000A8H.3 SFRSYM    DATA     BIT       ET1
      000000C7H   SFRSYM    DATA     BYTE      IAP_CONTR
      000000F9H   SFRSYM    DATA     BYTE      LINICR
      0000008EH   SFRSYM    DATA     BYTE      AUXR
      000000AFH   SFRSYM    DATA     BYTE      IE2
      00000088H   SFRSYM    DATA     BYTE      TCON
      00000089H   SFRSYM    DATA     BYTE      TMOD
      00000098H   SFRSYM    DATA     BYTE      SCON
      000000F1H   SFRSYM    DATA     BYTE      CANICR
      00000087H   SFRSYM    DATA     BYTE      PCON
      00000099H   SFRSYM    DATA     BYTE      SBUF
      000000BCH   SFRSYM    DATA     BYTE      ADC_CONTR
      000000E7H   SFRSYM    DATA     BYTE      CMPCR2
      000000E6H   SFRSYM    DATA     BYTE      CMPCR1
      00000098H.1 SFRSYM    DATA     BIT       TI
      00000098H.0 SFRSYM    DATA     BIT       RI
      000000DEH   SFRSYM    DATA     BYTE      ADCCFG
      000000B8H   SFRSYM    DATA     BYTE      IP
      000000A8H.4 SFRSYM    DATA     BIT       ES
      0000008FH   SFRSYM    DATA     BYTE      INTCLKO
      000000EEH   SFRSYM    DATA     BYTE      IP3H
      000000B6H   SFRSYM    DATA     BYTE      IP2H
      000000A8H   SFRSYM    DATA     BYTE      IE
      000000BBH   SFRSYM    DATA     BYTE      P_SW3
      000000BAH   SFRSYM    DATA     BYTE      P_SW2
      000000A2H   SFRSYM    DATA     BYTE      P_SW1
      000000CEH   SFRSYM    DATA     BYTE      SPCTL
      000000F8H   SFRSYM    DATA     BYTE      P7
      000000A8H.7 SFRSYM    DATA     BIT       EA
      000000E8H   SFRSYM    DATA     BYTE      P6
      000000C8H   SFRSYM    DATA     BYTE      P5
      000000C0H   SFRSYM    DATA     BYTE      P4
      000000B0H   SFRSYM    DATA     BYTE      P3
      000000A0H   SFRSYM    DATA     BYTE      P2
      000000B1H   SFRSYM    DATA     BYTE      P3M1
      00000090H   SFRSYM    DATA     BYTE      P1
      000000B2H   SFRSYM    DATA     BYTE      P3M0
      00000080H   SFRSYM    DATA     BYTE      P0

      00FF0495H   BLOCK     CODE     ---       LVL=0
      00FF0495H   LINE      CODE     ---       #21
      00FF0495H   LINE      CODE     ---       #23
      00FF049BH   LINE      CODE     ---       #25
      00FF049EH   LINE      CODE     ---       #26
      00FF04A1H   LINE      CODE     ---       #27
      00FF04A4H   LINE      CODE     ---       #28
      00FF04A7H   LINE      CODE     ---       #29
      00FF04AAH   LINE      CODE     ---       #30
      00FF04ADH   LINE      CODE     ---       #31
      00FF04B0H   LINE      CODE     ---       #32
      00FF04B3H   LINE      CODE     ---       #33
      00FF04B5H   LINE      CODE     ---       #34
      00FF04B7H   LINE      CODE     ---       #35
      00FF04B9H   LINE      CODE     ---       #37
      00FF04BBH   LINE      CODE     ---       #39
L251 LINKER/LOCATER V4.66.93.0                                                        05/18/2023  11:49:16  PAGE 19


      ---         BLOCKEND  ---      ---       LVL=0

      00FF05F8H   BLOCK     CODE     ---       LVL=0
      R11         REGSYM    ---      BYTE      dat
      00FF05F8H   LINE      CODE     ---       #47
      00FF05F8H   LINE      CODE     ---       #49
      00FF05FBH   LINE      CODE     ---       #50
      00FF05FDH   LINE      CODE     ---       #51
      00FF0600H   LINE      CODE     ---       #52
      ---         BLOCKEND  ---      ---       LVL=0

      00FF03EAH   BLOCK     CODE     ---       LVL=0
      00FF03EAH   LINE      CODE     ---       #58
      00FF03FFH   LINE      CODE     ---       #60
      00FF0401H   LINE      CODE     ---       #61
      00FF0404H   LINE      CODE     ---       #63
      00FF0406H   LINE      CODE     ---       #64
      00FF0409H   LINE      CODE     ---       #65
      00FF0409H   LINE      CODE     ---       #66
      00FF040CH   LINE      CODE     ---       #68
      00FF040EH   LINE      CODE     ---       #69
      00FF0410H   LINE      CODE     ---       #70
      00FF0410H   LINE      CODE     ---       #71
      00FF0412H   LINE      CODE     ---       #72
      ---         BLOCKEND  ---      ---       LVL=0

      00FF0581H   BLOCK     CODE     ---       LVL=0
      REG=3       REGSYM    ---      ---       puts
      00FF0581H   LINE      CODE     ---       #82
      00FF0581H   LINE      CODE     ---       #84
      00FF0583H   LINE      CODE     ---       #86
      00FF0588H   LINE      CODE     ---       #87
      00FF058AH   LINE      CODE     ---       #88
      00FF058DH   LINE      CODE     ---       #89
      00FF0594H   LINE      CODE     ---       #90
      ---         BLOCKEND  ---      ---       LVL=0

      00FF04FDH   BLOCK     CODE     ---       LVL=0
      00000019H   SYMBOL    DATA     BYTE      recv_cnt
      00FF04FDH   LINE      CODE     ---       #101
      00FF04FDH   LINE      CODE     ---       #102
      00FF04FDH   LINE      CODE     ---       #104
      00FF0502H   LINE      CODE     ---       #106
      00FF050CH   LINE      CODE     ---       #108
      00FF050FH   LINE      CODE     ---       #109
      00FF0512H   LINE      CODE     ---       #110
      00FF0513H   LINE      CODE     ---       #114
      00FF0516H   LINE      CODE     ---       #115
      00FF0516H   LINE      CODE     ---       #116
      ---         BLOCKEND  ---      ---       LVL=0

      00FF0292H   BLOCK     CODE     ---       LVL=0
      WR2         REGSYM    ---      WORD      ADC_DATA
      00FF0296H   BLOCK     CODE     NEAR LAB  LVL=1
      R12         REGSYM    ---      BYTE      temp
      R13         REGSYM    ---      BYTE      temp1
      R14         REGSYM    ---      BYTE      temp2
      R15         REGSYM    ---      BYTE      temp3
      ---         BLOCKEND  ---      ---       LVL=1
      00FF0292H   LINE      CODE     ---       #122
      00FF0296H   LINE      CODE     ---       #123
      00FF0296H   LINE      CODE     ---       #124
      00FF0296H   LINE      CODE     ---       #126
      00FF02A4H   LINE      CODE     ---       #127
      00FF02BAH   LINE      CODE     ---       #128
L251 LINKER/LOCATER V4.66.93.0                                                        05/18/2023  11:49:16  PAGE 20


      00FF02C8H   LINE      CODE     ---       #129
      00FF02D4H   LINE      CODE     ---       #131
      00FF02DBH   LINE      CODE     ---       #132
      00FF02E0H   LINE      CODE     ---       #133
      00FF02E5H   LINE      CODE     ---       #134
      00FF02EAH   LINE      CODE     ---       #135
      00FF02EFH   LINE      CODE     ---       #136
      00FF02F6H   LINE      CODE     ---       #137
      ---         BLOCKEND  ---      ---       LVL=0

      ---         MODULE    ---      ---       ?C?FPMUL
      00FF00A6H   PUBLIC    CODE     ---       ?C?FPMUL

      ---         MODULE    ---      ---       ?C?FPDIV
      00FF0146H   PUBLIC    CODE     ---       ?C?FPDIV

      ---         MODULE    ---      ---       ?C?FCAST
      00FF01D1H   PUBLIC    CODE     NEAR LAB  ?C?FCASTC
      00FF01CCH   PUBLIC    CODE     NEAR LAB  ?C?FCASTI
      00FF01C7H   PUBLIC    CODE     NEAR LAB  ?C?FCASTL

      ---         MODULE    ---      ---       ?C?CASTF
      00FF0204H   PUBLIC    CODE     NEAR LAB  ?C?CASTF

      ---         MODULE    ---      ---       ?C?FPGETOPN
      00FF0241H   PUBLIC    CODE     ---       ?C?FPGETOPN2
      00FF027EH   PUBLIC    CODE     ---       ?C?FPNANRESULT
      00FF0286H   PUBLIC    CODE     ---       ?C?FPOVERFLOW
      00FF025AH   PUBLIC    CODE     ---       ?C?FPRESULT
      00FF0270H   PUBLIC    CODE     ---       ?C?FPRESULT2
      00FF0283H   PUBLIC    CODE     ---       ?C?FPUNDERFLOW

      ---         MODULE    ---      ---       ?C_START
      00FF0000H   PUBLIC    CODE     ---       ?C?STARTUP
      00FF0000H   PUBLIC    CODE     ---       ?C_STARTUP



*** WARNING L57: UNCALLED FUNCTION, IGNORED FOR OVERLAY PROCESS
    NAME:    Delay100ms/delay

*** WARNING L57: UNCALLED FUNCTION, IGNORED FOR OVERLAY PROCESS
    NAME:    LED_ON/LED

*** WARNING L57: UNCALLED FUNCTION, IGNORED FOR OVERLAY PROCESS
    NAME:    Timer0Init/timer

*** WARNING L57: UNCALLED FUNCTION, IGNORED FOR OVERLAY PROCESS
    NAME:    Uart_Send_ADC_data/uart1

Program Size: data=26.2 edata+hdata=256 xdata=0 const=12 code=1538
L251 RUN COMPLETE.  4 WARNING(S),  0 ERROR(S)
