C251 COMPILER V5.60.0,  timer                                                              18/05/23  11:00:22  PAGE 1   


C251 COMPILER V5.60.0, COMPILATION OF MODULE timer
OBJECT MODULE PLACED IN .\Objects\timer.obj
COMPILER INVOKED BY: E:\Keil_v5\C251\BIN\C251.EXE timer.c INTR2 BROWSE DEBUG PRINT(.\Listings\timer.lst) OBJECT(.\Object
                    -s\timer.obj) 

stmt  level    source

    1          #include "timer.h"   
    2           #include "hw.h"  
    3          #include "motor.h" 
    4          #include "sr04.h"
    5          /*--------------------------------------------------------------*/
    6          /* --- -----------------实验内容 -------------------------------*/
    7          /* --- 1-了解STC-ISP工具生产延时函数方法 -----------------------*/
    8          /* --- 2-掌握子函数的创建与调用---------------------------------*/
    9          /* --- 实验平台：未来电子STC32核心板----------------------------*/
   10          /* --- 视频学习：https://space.bilibili.com/494969171 ----------*/
   11          /* --- QQ交流群：702805632 -------------------------------------*/
   12          /* --- 参考资料：STC32实验室参考例程 ---------------------------*/
   13          /*--------------------------------------------------------------*/ 
   14          
   15          uint16 Time_Count = 0; 
   16          uint8 Time_Count_pwm = 0; 
   17          uint8 PWM_Count = 40; //占空比
   18          
   19          void Timer0Init(void)
   20          {
   21   1      //      AUXR |= 0x80;                   //定时器0为1T模式
   22   1      //      TMOD &= 0xF8;                   //定时器0设置为定时方式，工作模式为16位自动重装模式
   23   1      //      TMOD &= 0xF7;                   //定时器0门控位GATE设置为0 
   24   1              TMOD=0x21; //设T0为方式1，GATE=1；
   25   1        SCON=0x50;  
   26   1              
   27   1              TL0 = 0x00;                     //1T模式下初始装载值       
   28   1              TH0 = 0x00;                     //1T模式下初始装载值  
   29   1              TF0 = 0;                        //清除T0中断溢出标志位
   30   1              ET0 = 1;                        //使能定时器0的溢出中断允许位
   31   1              TR0 = 1;                        //定时器0开始计时 
   32   1        EA = 1;           //使能总中断
   33   1      }
   34          
   35          /***********************************************************
   36          功能描述：定时器4初始化  1MS
   37          入口参数：无
   38          返回值：无
   39          ************************************************************/
   40          void Timer4Init(void)
   41          {
   42   1              T4T3M &= 0xBF;                  //定时器4设置为定时方式
   43   1              T4T3M |= 0x20;                  //设置定时器4为1T模式
   44   1              T4L = 0x90;                     //1T模式下初始装载值 
   45   1              T4H = 0xE8;                     //1T模式下初始装载值 
   46   1              IE2  |=  (1<<6);                      //使能定时器4中断
   47   1              T4T3M |= 0x80;                  //打开定时器4
   48   1      } 
   49          
   50          void timer0_int (void) interrupt 1
   51          {
   52   1              
   53   1      
   54   1      }
   55          
   56          /***********************************************************
   57          功能描述：定时器4中断服务程序
   58          入口参数：无
C251 COMPILER V5.60.0,  timer                                                              18/05/23  11:00:22  PAGE 2   

   59          返回值：无       250us进入1次中断 
   60          ************************************************************/
   61          void timer4_int (void) interrupt 20
   62          {
   63   1                if(++Time_Count>=4000) //最长计时间 1s
   64   1                      {
   65   2             Time_Count=0;
   66   2                      }        
   67   1               if(++Time_Count_pwm>100)
   68   1               {
   69   2                        Time_Count_pwm=0;
   70   2               } 
   71   1               if(Time_Count_pwm>=PWM_Count)//PWM调速
   72   1               {
   73   2                        Car_Stop(); //置为低电平       
   74   2                       
   75   2               }else{          
   76   2                       
   77   2            Adjust_Pwm_data();//调节PWM
   78   2              
   79   2               } 
   80   1      } 
   81          
   82          /*********************************END FILE********************************************/ 
   83          
   84          
   85          
   86          
   87          
   88          
   89          
   90          
   91          
   92          
   93          
   94          
   95          
   96          
   97          
   98          
   99          
  100          
  101          
  102          
  103          
  104          
  105          
  106          
  107          
  108          
  109          
  110          
  111          
  112          
  113          
  114          
  115          
  116          
  117          
  118          


Module Information          Static   Overlayable
------------------------------------------------
  code size            =       151     ------
  ecode size           =    ------     ------
  data size            =         4     ------
C251 COMPILER V5.60.0,  timer                                                              18/05/23  11:00:22  PAGE 3   

  idata size           =    ------     ------
  pdata size           =    ------     ------
  xdata size           =    ------     ------
  xdata-const size     =    ------     ------
  edata size           =    ------     ------
  bit size             =    ------     ------
  ebit size            =    ------     ------
  bitaddressable size  =    ------     ------
  ebitaddressable size =    ------     ------
  far data size        =    ------     ------
  huge data size       =    ------     ------
  const size           =    ------     ------
  hconst size          =    ------     ------
End of Module Information.


C251 COMPILATION COMPLETE.  0 WARNING(S),  0 ERROR(S)
